src/app/(backoffice)/contabilidad/registro-ventas/page.tsx(76,107): error TS2322: Type 'string | null' is not assignable to type 'string'.
  Type 'null' is not assignable to type 'string'.
src/app/(backoffice)/contabilidad/registro-ventas/page.tsx(83,106): error TS2322: Type 'string | null' is not assignable to type 'string'.
  Type 'null' is not assignable to type 'string'.
